// Jest Snapshot v1, https://goo.gl/fbAQLP

exports[`FAImage should match snapshot 1`] = `
<RNCSafeAreaProvider
  onInsetsChange={[Function]}
  style={
    Array [
      Object {
        "flex": 1,
      },
      undefined,
    ]
  }
>
  <Image
    accessibilityLabel="Test"
    alt="Test"
    dataSet={Object {}}
    onError={[Function]}
    source={null}
    style={
      Object {
        "maxWidth": "100%",
      }
    }
  />
</RNCSafeAreaProvider>
`;
