// Jest Snapshot v1, https://goo.gl/fbAQLP

exports[`FAButton should match snapshot 1`] = `
<RNCSafeAreaProvider
  onInsetsChange={[Function]}
  style={
    Array [
      Object {
        "flex": 1,
      },
      undefined,
    ]
  }
>
  <View
    accessibilityRole="button"
    accessible={true}
    collapsable={false}
    colorScheme="primary"
    dataSet={Object {}}
    focusable={true}
    onBlur={[Function]}
    onClick={[Function]}
    onFocus={[Function]}
    onResponderGrant={[Function]}
    onResponderMove={[Function]}
    onResponderRelease={[Function]}
    onResponderTerminate={[Function]}
    onResponderTerminationRequest={[Function]}
    onStartShouldSetResponder={[Function]}
    style={
      Object {
        "alignItems": "center",
        "backgroundColor": "#0891b2",
        "borderRadius": 12,
        "flexDirection": "row",
        "fontFamily": undefined,
        "fontWeight": "700",
        "justifyContent": "center",
        "paddingBottom": 10,
        "paddingLeft": 12,
        "paddingRight": 12,
        "paddingTop": 10,
      }
    }
    testID="button-example"
  >
    <View
      dataSet={Object {}}
      style={
        Object {
          "alignItems": "center",
          "flexDirection": "row",
        }
      }
      test={true}
    >
      <View
        dataSet={Object {}}
        style={Object {}}
      >
        <Text
          dataSet={Object {}}
          style={
            Object {
              "backgroundColor": undefined,
              "color": "#fafafa",
              "fontFamily": undefined,
              "fontSize": 12,
              "fontStyle": "normal",
              "fontWeight": "400",
              "letterSpacing": 0,
              "lineHeight": 18,
              "textDecorationLine": undefined,
            }
          }
        >
          Test
        </Text>
      </View>
    </View>
  </View>
</RNCSafeAreaProvider>
`;
